1. [GET] https://slscrm.vercel.app/landing => [200] 
2. [GET] https://slscrm.vercel.app/_next/static/media/70bc3e132a0a741e-s.p.1409xf.ylxg8g.woff2 => [200] 
3. [GET] https://slscrm.vercel.app/_next/static/media/83afe278b6a6bb3c-s.p.0q-301v4kxxnr.woff2 => [200] 
4. [GET] https://slscrm.vercel.app/_next/static/media/caa3a2e1cccd8315-s.p.09~u27dqhyhd6.woff2 => [200] 
5. [GET] https://slscrm.vercel.app/_next/image?url=https%3A%2F%2Fimages.unsplash.com%2Fphoto-1509391366360-2e959784a276%3Fauto%3Dformat%26fit%3Dcrop%26w%3D2400%26q%3D85&w=1920&q=75 => [200] 
6. [GET] https://slscrm.vercel.app/_next/static/chunks/0v2f86~.0e_jp.css => [200] 
7. [GET] https://slscrm.vercel.app/_next/static/chunks/0j.q4cl9o7x2i.css => [200] 
8. [GET] https://slscrm.vercel.app/_next/static/chunks/0t1et0tty8o9s.js => [200] 
9. [GET] https://slscrm.vercel.app/_next/static/chunks/10sbh.bcu74o6.js => [200] 
10. [GET] https://slscrm.vercel.app/_next/static/chunks/0m_p1bxtorv5i.js => [200] 
11. [GET] https://slscrm.vercel.app/_next/static/chunks/0kbk_-7tw0nn9.js => [200] 
12. [GET] https://slscrm.vercel.app/_next/static/chunks/0pqt~8bl3ukh4.js => [200] 
13. [GET] https://slscrm.vercel.app/_next/static/chunks/turbopack-0t1cm5jb5919n.js => [200] 
14. [GET] https://slscrm.vercel.app/_next/static/chunks/0vekk6dcqtqzf.js => [200] 
15. [GET] https://slscrm.vercel.app/_next/static/chunks/0n4z.7yu76je-.js => [200] 
16. [GET] https://slscrm.vercel.app/_next/static/chunks/0e41zy60gwnd9.js => [200] 
17. [GET] https://slscrm.vercel.app/_next/static/chunks/0y0qo~dr2q_ik.js => [200] 
18. [GET] https://slscrm.vercel.app/_next/static/chunks/02o1b9owkf-5a.js => [200] 
19. [GET] https://www.googletagmanager.com/gtag/js?id=G-4NVZYT5KCY => [200] 
20. [GET] https://app.cal.com/embed/embed.js => [200] 
21. [GET] https://slscrm.vercel.app/landing?_rsc=3Wsr2FB_AT7fpLRI => [200] 
22. [POST] https://region1.google-analytics.com/g/collect?v=2&tid=G-4NVZYT5KCY&gtm=45je6641v9255076474za200zd9255076474&_p=1781104531210&gcd=13l3l3l2l1l1&npa=1&dma_cps=a&dma=1&are=1&cid=559336621.1781104531&frm=0&pscdl=noapi&rcb=18&sr=1536x864&uaa=x86&uab=64&uafvl=Chromium%3B148.0.7778.218%7CGoogle%2520Chrome%3B148.0.7778.218%7CNot%252FA)Brand%3B99.0.0.0&uam=&uamb=0&uap=Windows&uapv=19.0.0&uaw=0&ul=de-de&_s=1&tag_exp=0~115938465~115938469~119061279&sid=1781104531&sct=1&seg=0&dl=https%3A%2F%2Fslscrm.vercel.app%2Flanding&dt=Photovoltaik%20f%C3%BCr%20Gewerbed%C3%A4cher%20%E2%80%94%20Festpreis%20%C2%B7%20Eigene%20Monteure%20%C2%B7%2020%20Jahre%20Garantie&en=page_view&_fv=1&_nsi=1&_ss=1&_ee=1&tfd=5054 => [204] 
23. [GET] https://app.cal.com/pickaslot/embed?layout=month_view&theme=light&embedType=inline&embed=solarwerk => [200] 
24. [POST] https://region1.google-analytics.com/g/collect?v=2&tid=G-4NVZYT5KCY&gtm=45je6641v9255076474za200zd9255076474&_p=1781104531210&gcd=13l3l3l2l1l1&npa=1&dma_cps=a&dma=1&are=1&cid=559336621.1781104531&frm=0&pscdl=noapi&rcb=18&sr=1536x864&uaa=x86&uab=64&uafvl=Chromium%3B148.0.7778.218%7CGoogle%2520Chrome%3B148.0.7778.218%7CNot%252FA)Brand%3B99.0.0.0&uam=&uamb=0&uap=Windows&uapv=19.0.0&uaw=0&ul=de-de&_s=1&tag_exp=0~115938465~115938469~119061279&sid=1781104531&sct=1&seg=0&dl=https%3A%2F%2Fslscrm.vercel.app%2Flanding&dt=Photovoltaik%20f%C3%BCr%20Gewerbed%C3%A4cher%20%E2%80%94%20Festpreis%20%C2%B7%20Eigene%20Monteure%20%C2%B7%2020%20Jahre%20Garantie&en=page_view&_fv=1&_nsi=1&_ss=1&_ee=1&tfd=5054 => [204] 
25. [GET] https://app.cal.com/_next/static/media/83afe278b6a6bb3c-s.p.0q-301v4kxxnr.woff2 => [200] 
26. [GET] https://app.cal.com/_next/static/media/CalSansUI%5Bwght%2CGEOM%5D-s.p.17~pqx5aww0vr.woff2 => [200] 
27. [GET] https://app.cal.com/_next/static/media/CalSans_SemiBold-s.p.0_1kxnktzihme.woff2 => [200] 
28. [GET] https://app.cal.com/_next/static/chunks/093rd3b9u5ucm.css => [200] 
29. [GET] https://app.cal.com/_next/static/chunks/065-xm45jldvm.css => [200] 
30. [GET] https://app.cal.com/_next/static/chunks/09u_tl_wx4ul-.css => [200] 
31. [GET] https://app.cal.com/_next/static/chunks/0k6c9i47ki3cm.js => [200] 
32. [GET] https://app.cal.com/_next/static/chunks/0o5t4ne2jgzk3.js => [200] 
33. [GET] https://app.cal.com/_next/static/chunks/167g48xo7_p0m.js => [200] 
34. [GET] https://app.cal.com/_next/static/chunks/114i.3gul.u-p.js => [200] 
35. [GET] https://app.cal.com/_next/static/chunks/15pnfa8o~gp4f.js => [200] 
36. [GET] https://app.cal.com/_next/static/chunks/0nsg83rho0qg4.js => [200] 
37. [GET] https://app.cal.com/_next/static/chunks/08ld4xo-bkhwm.js => [200] 
38. [GET] https://app.cal.com/_next/static/chunks/turbopack-0crwin78hj92v.js => [200] 
39. [GET] https://app.cal.com/_next/static/chunks/0etenor6wsjk2.js => [200] 
40. [GET] https://app.cal.com/_next/static/chunks/169590.69k_5u.js => [200] 
41. [GET] https://app.cal.com/_next/static/chunks/16ej-vtx7.nj~.js => [200] 
42. [GET] https://app.cal.com/_next/static/chunks/0ickv.kkb4pog.js => [200] 
43. [GET] https://app.cal.com/_next/static/chunks/0zvq8yn3iesnm.js => [200] 
44. [GET] https://app.cal.com/_next/static/chunks/05yj15pgs~ity.js => [200] 
45. [GET] https://app.cal.com/_next/static/chunks/17b9rec39ws.u.js => [200] 
46. [GET] https://app.cal.com/_next/static/chunks/0.hfh3gfbavqq.js => [200] 
47. [GET] https://app.cal.com/_next/static/chunks/0uxuvxdhw9.t5.js => [200] 
48. [GET] https://app.cal.com/_next/static/chunks/04g3cg6h9iveg.js => [200] 
49. [GET] https://app.cal.com/_next/static/chunks/0plkoqvkerwnr.js => [200] 
50. [GET] https://app.cal.com/_next/static/chunks/0itjzgh2lghd7.js => [200] 
51. [GET] https://app.cal.com/_next/static/chunks/0dey-yqq3zu9j.js => [200] 
52. [GET] https://app.cal.com/_next/static/chunks/0702bpg_h0u5_.js => [200] 
53. [GET] https://app.cal.com/_next/static/chunks/0w-i89-kpjbgd.js => [200] 
54. [GET] https://app.cal.com/_next/static/chunks/0u4v0k~~qqnan.js => [200] 
55. [GET] https://app.cal.com/_next/static/chunks/08.1wtiz~4r7q.js => [200] 
56. [GET] https://app.cal.com/_next/static/chunks/02uinh_b5kubz.js => [200] 
57. [GET] https://app.cal.com/_next/static/chunks/0qyij6q_xu32-.js => [200] 
58. [GET] https://app.cal.com/_next/static/chunks/18bjvg844k46_.js => [200] 
59. [GET] https://app.cal.com/_next/static/chunks/05043192rttef.js => [200] 
60. [GET] https://app.cal.com/_next/static/chunks/12xosts.~dztx.js => [200] 
61. [GET] https://app.cal.com/_next/static/chunks/0-c.m5c5r8t9p.js => [200] 
62. [GET] https://app.cal.com/_next/static/chunks/01arylfjrmkwe.js => [200] 
63. [GET] https://app.cal.com/_next/static/chunks/0spkbxz-s-rwy.js => [200] 
64. [GET] https://app.cal.com/_next/static/chunks/0cmfw.6kbl8hk.js => [200] 
65. [GET] https://app.cal.com/_next/static/chunks/0ab_tupp-jxdh.js => [200] 
66. [GET] https://app.cal.com/_next/static/chunks/0.yl4v56.v63q.js => [200] 
67. [GET] https://app.cal.com/_next/static/chunks/00rrp67743ibq.js => [200] 
68. [GET] https://app.cal.com/_next/static/chunks/0hrn95w6xjqme.js => [200] 
69. [GET] https://app.cal.com/_next/static/chunks/0m1wl~1fsw7vi.js => [200] 
70. [GET] https://app.cal.com/_next/static/chunks/0~jv1~bu8l841.js => [200] 
71. [GET] https://app.cal.com/_next/static/chunks/162o.j7mnc.6d.js => [200] 
72. [GET] https://app.cal.com/_next/static/chunks/0d3~zv5fh4yig.js => [200] 
73. [GET] https://app.cal.com/_next/static/chunks/0s526~4qlb.f0.js => [200] 
74. [GET] https://app.cal.com/_next/static/chunks/024to8qa0ux6q.js => [200] 
75. [GET] https://app.cal.com/api/auth/session => [200] 
76. [GET] https://cal.com/api/avatar/b8ee4f35-a294-42db-932f-bdc5a7066f04.png => [200] 
77. [GET] https://app.cal.com/api/trpc/features/map?batch=1&input=%7B%220%22%3A%7B%22json%22%3Anull%2C%22meta%22%3A%7B%22values%22%3A%5B%22undefined%22%5D%7D%7D%7D => [200] 
78. [GET] https://app.cal.com/avatar.svg => [200] 
79. [POST] https://o574544.ingest.us.sentry.io/api/4509594045513728/envelope/?sentry_version=7&sentry_key=7fa2ea46dede9404597bde582525baca&sentry_client=sentry.javascript.nextjs%2F10.56.0 => [200] 